// Vitest Snapshot v1, https://vitest.dev/guide/snapshot.html

exports[`GratitudeInput > renders placeholder correctly and prefix "-"  1`] = `
<span
  class="absolute ml-8 mt-[9px] text-lg text-muted-foreground"
>
  -
</span>
`;

exports[`GratitudeInput > renders placeholder correctly and prefix "-"  2`] = `
<textarea
  class="flex w-full resize-none rounded border border-input px-3 py-2 placeholder:text-muted-foreground focus-visible:outline-none focus-visible:ring-ring focus-visible:ring-offset-2 disabled:cursor-not-allowed disabled:opacity-50 no-scrollbar overflow-y-auto bg-secondary pl-10 text-lg text-muted-foreground ring-offset-secondary focus-visible:ring-1"
  placeholder="..."
  rows="1"
  style="height: 0px;"
>
  Test gratitude
</textarea>
`;
