// Vitest Snapshot v1, https://vitest.dev/guide/snapshot.html

exports[`BrowserViewDeleteButton > renders the MobileViewDeleteButton and handles delete action 1`] = `
<svg
  class="lucide lucide-x size-5 cursor-pointer text-destructive opacity-0 group-hover/button:opacity-100"
  fill="none"
  height="24"
  role="x-delete-button"
  stroke="currentColor"
  stroke-linecap="round"
  stroke-linejoin="round"
  stroke-width="2"
  viewBox="0 0 24 24"
  width="24"
  xmlns="http://www.w3.org/2000/svg"
>
  <path
    d="M18 6 6 18"
  />
  <path
    d="m6 6 12 12"
  />
</svg>
`;
